---
source: tests/system_query.rs
expression: value
---
{
  "name": "git",
  "installed": false,
  "location": null,
  "sources": [],
  "cache_hit": false,
  "elapsed_ms": 0,
  "hm_module": {
    "path": "programs.git",
    "example": "programs.git.enable = true; programs.git.userName = \"...\";",
    "enabled": false
  },
  "darwin_service": null,
  "flakehub": []
}
